>>> print_square = __import__('4-print_square').print_square

>>> print_square(4)
####
####
####
####

>>> print_square(1)
#

>>> print_square(0)

>>> try:
...     print_square(-1)
... except ValueError as e:
...     print(e)
size must be >= 0

>>> try:
...     print_square(3.5)
... except TypeError as e:
...     print(e)
size must be an integer

>>> try:
...     print_square("4")
... except TypeError as e:
...     print(e)
size must be an integer

>>> try:
...     print_square()
... except TypeError as e:
...     print(e)
print_square() missing 1 required positional argument: 'size'
